// Jest Snapshot v1, https://goo.gl/fbAQLP

exports[`Pruebas en GifExpertApp Debe coincidir con el snapshot 1`] = `
<div>
  <h1>
    GifExpertApp
  </h1>
  <form
    aria-label="form"
  >
    <input
      placeholder="Buscar Gifs"
      type="text"
      value="One Punch"
    />
  </form>
  <button>
    Agregar
  </button>
  <h3>
    One Punch
  </h3>
  <h3>
    Cargando...
  </h3>
  <div
    class="card-grid"
  />
</div>
`;
